06-Nov-2025 18:20:43.420 信息 [main] org.apache.catalina.startup.VersionLoggerListener.log Server version:        Apache Tomcat/8.5.31
06-Nov-2025 18:20:43.423 信息 [main] org.apache.catalina.startup.VersionLoggerListener.log Server built:          Apr 27 2018 20:24:25 UTC
06-Nov-2025 18:20:43.423 信息 [main] org.apache.catalina.startup.VersionLoggerListener.log Server number:         8.5.31.0
06-Nov-2025 18:20:43.423 信息 [main] org.apache.catalina.startup.VersionLoggerListener.log OS Name:               Windows 10
06-Nov-2025 18:20:43.423 信息 [main] org.apache.catalina.startup.VersionLoggerListener.log OS Version:            10.0
06-Nov-2025 18:20:43.423 信息 [main] org.apache.catalina.startup.VersionLoggerListener.log Architecture:          amd64
06-Nov-2025 18:20:43.423 信息 [main] org.apache.catalina.startup.VersionLoggerListener.log Java Home:             C:\Users\20288\.jdks\corretto-1.8.0_392\jre
06-Nov-2025 18:20:43.423 信息 [main] org.apache.catalina.startup.VersionLoggerListener.log JVM Version:           1.8.0_392-b08
06-Nov-2025 18:20:43.424 信息 [main] org.apache.catalina.startup.VersionLoggerListener.log JVM Vendor:            Amazon.com Inc.
06-Nov-2025 18:20:43.424 信息 [main] org.apache.catalina.startup.VersionLoggerListener.log CATALINA_BASE:         L:\桌面\demo\Demo_04\Demo_04\web
06-Nov-2025 18:20:43.424 信息 [main] org.apache.catalina.startup.VersionLoggerListener.log CATALINA_HOME:         L:\IDEA\apache-tomcat-8.5.31
06-Nov-2025 18:20:43.424 信息 [main] org.apache.catalina.startup.VersionLoggerListener.log Command line argument: -Dcatalina.home=L:\IDEA\apache-tomcat-8.5.31
06-Nov-2025 18:20:43.424 信息 [main] org.apache.catalina.startup.VersionLoggerListener.log Command line argument: -Dcatalina.base=L:\桌面\demo\Demo_04\Demo_04\web
06-Nov-2025 18:20:43.424 信息 [main] org.apache.catalina.startup.VersionLoggerListener.log Command line argument: -Djava.io.tmpdir=L:\桌面\demo\Demo_04\Demo_04\web\temp
06-Nov-2025 18:20:43.424 信息 [main] org.apache.catalina.startup.VersionLoggerListener.log Command line argument: -Djava.util.logging.config.file=L:\桌面\demo\Demo_04\Demo_04\web\conf\logging.properties
06-Nov-2025 18:20:43.424 信息 [main] org.apache.catalina.startup.VersionLoggerListener.log Command line argument: -Djava.util.logging.manager=org.apache.juli.ClassLoaderLogManager
06-Nov-2025 18:20:43.424 信息 [main] org.apache.catalina.startup.VersionLoggerListener.log Command line argument: -javaagent:L:\IDEA\IntelliJ IDEA 2020.1\lib\idea_rt.jar=50035:L:\IDEA\IntelliJ IDEA 2020.1\bin
06-Nov-2025 18:20:43.424 信息 [main] org.apache.catalina.startup.VersionLoggerListener.log Command line argument: -Dfile.encoding=UTF-8
06-Nov-2025 18:20:43.425 信息 [main] org.apache.catalina.core.AprLifecycleListener.lifecycleEvent The APR based Apache Tomcat Native library which allows optimal performance in production environments was not found on the java.library.path: [C:\Users\20288\.jdks\corretto-1.8.0_392\bin;C:\Windows\Sun\Java\bin;C:\Windows\system32;C:\Windows;C:\Python312\Scripts\;C:\Python312\;C:\Program Files\Common Files\Oracle\Java\javapath;C:\Program Files (x86)\Common Files\Oracle\Java\java8path;C:\Program Files (x86)\Common Files\Oracle\Java\javapath;C:\Windows\system32;C:\Windows;C:\Windows\System32\Wbem;C:\Windows\System32\WindowsPowerShell\v1.0\;C:\Windows\System32\OpenSSH\;L:\MySQL\bin;L:\JDK\bin;C:\ProgramData\chocolatey\bin;C:\Program Files\nodejs\node_global\node_modules;C:\Program Files\Microsoft SQL Server\Client SDK\ODBC\110\Tools\Binn\;C:\Program Files (x86)\Microsoft SQL Server\120\Tools\Binn\;C:\Program Files\Microsoft SQL Server\120\Tools\Binn\;C:\Program Files\Microsoft SQL Server\120\DTS\Binn\;C:\Program Files (x86)\Microsoft SQL Server\120\Tools\Binn\ManagementStudio\;C:\Program Files (x86)\Microsoft SQL Server\120\DTS\Binn\;L:\Environment\apache-maven-3.6.3\bin;L:\Git\cmd;L:\nvm\nvm;L:\nodejs;C:\Users\20288\AppData\Local\Microsoft\WindowsApps;L:\IDEA\IntelliJ IDEA 2023.1\bin;L:\Visual Studio Code2023\Microsoft VS Code\bin;C:\Program Files\nodejs\node_global;C:\Users\20288\AppData\Roaming\Programs\Zero Install;.]
06-Nov-2025 18:20:43.522 信息 [main] org.apache.coyote.AbstractProtocol.init Initializing ProtocolHandler ["http-nio-8081"]
06-Nov-2025 18:20:44.190 信息 [main] org.apache.tomcat.util.net.NioSelectorPool.getSharedSelector Using a shared selector for servlet write/read
06-Nov-2025 18:20:44.199 信息 [main] org.apache.coyote.AbstractProtocol.init Initializing ProtocolHandler ["ajp-nio-8009"]
06-Nov-2025 18:20:44.202 信息 [main] org.apache.tomcat.util.net.NioSelectorPool.getSharedSelector Using a shared selector for servlet write/read
06-Nov-2025 18:20:44.203 信息 [main] org.apache.catalina.startup.Catalina.load Initialization processed in 1184 ms
06-Nov-2025 18:20:44.268 信息 [main] org.apache.catalina.core.StandardService.startInternal Starting service [Catalina]
06-Nov-2025 18:20:44.268 信息 [main] org.apache.catalina.core.StandardEngine.startInternal Starting Servlet Engine: Apache Tomcat/8.5.31
06-Nov-2025 18:20:44.294 信息 [localhost-startStop-1] org.apache.catalina.startup.HostConfig.deployDescriptor Deploying configuration descriptor [L:\桌面\demo\Demo_04\Demo_04\web\conf\Catalina\localhost\ROOT.xml]
06-Nov-2025 18:20:45.568 信息 [localhost-startStop-1] org.apache.jasper.servlet.TldScanner.scanJars At least one JAR was scanned for TLDs yet contained no TLDs. Enable debug logging for this logger for a complete list of JARs that were scanned but no TLDs were found in them. Skipping unneeded JARs during scanning can improve startup time and JSP compilation time.
06-Nov-2025 18:20:45.602 信息 [localhost-startStop-1] org.apache.catalina.startup.HostConfig.deployDescriptor Deployment of configuration descriptor [L:\桌面\demo\Demo_04\Demo_04\web\conf\Catalina\localhost\ROOT.xml] has finished in [1,307] ms
06-Nov-2025 18:20:45.604 信息 [main] org.apache.coyote.AbstractProtocol.start Starting ProtocolHandler ["http-nio-8081"]
06-Nov-2025 18:20:45.608 信息 [main] org.apache.coyote.AbstractProtocol.start Starting ProtocolHandler ["ajp-nio-8009"]
06-Nov-2025 18:20:45.611 信息 [main] org.apache.catalina.startup.Catalina.start Server startup in 1407 ms
06-Nov-2025 18:24:01.101 信息 [main] org.apache.catalina.startup.VersionLoggerListener.log Server version:        Apache Tomcat/8.5.31
06-Nov-2025 18:24:01.103 信息 [main] org.apache.catalina.startup.VersionLoggerListener.log Server built:          Apr 27 2018 20:24:25 UTC
06-Nov-2025 18:24:01.103 信息 [main] org.apache.catalina.startup.VersionLoggerListener.log Server number:         8.5.31.0
06-Nov-2025 18:24:01.104 信息 [main] org.apache.catalina.startup.VersionLoggerListener.log OS Name:               Windows 10
06-Nov-2025 18:24:01.104 信息 [main] org.apache.catalina.startup.VersionLoggerListener.log OS Version:            10.0
06-Nov-2025 18:24:01.104 信息 [main] org.apache.catalina.startup.VersionLoggerListener.log Architecture:          amd64
06-Nov-2025 18:24:01.104 信息 [main] org.apache.catalina.startup.VersionLoggerListener.log Java Home:             C:\Users\20288\.jdks\corretto-1.8.0_392\jre
06-Nov-2025 18:24:01.104 信息 [main] org.apache.catalina.startup.VersionLoggerListener.log JVM Version:           1.8.0_392-b08
06-Nov-2025 18:24:01.104 信息 [main] org.apache.catalina.startup.VersionLoggerListener.log JVM Vendor:            Amazon.com Inc.
06-Nov-2025 18:24:01.104 信息 [main] org.apache.catalina.startup.VersionLoggerListener.log CATALINA_BASE:         L:\桌面\demo\Demo_04\Demo_04\web
06-Nov-2025 18:24:01.104 信息 [main] org.apache.catalina.startup.VersionLoggerListener.log CATALINA_HOME:         L:\IDEA\apache-tomcat-8.5.31
06-Nov-2025 18:24:01.104 信息 [main] org.apache.catalina.startup.VersionLoggerListener.log Command line argument: -Dcatalina.home=L:\IDEA\apache-tomcat-8.5.31
06-Nov-2025 18:24:01.104 信息 [main] org.apache.catalina.startup.VersionLoggerListener.log Command line argument: -Dcatalina.base=L:\桌面\demo\Demo_04\Demo_04\web
06-Nov-2025 18:24:01.104 信息 [main] org.apache.catalina.startup.VersionLoggerListener.log Command line argument: -Djava.io.tmpdir=L:\桌面\demo\Demo_04\Demo_04\web\temp
06-Nov-2025 18:24:01.104 信息 [main] org.apache.catalina.startup.VersionLoggerListener.log Command line argument: -Djava.util.logging.config.file=L:\桌面\demo\Demo_04\Demo_04\web\conf\logging.properties
06-Nov-2025 18:24:01.104 信息 [main] org.apache.catalina.startup.VersionLoggerListener.log Command line argument: -Djava.util.logging.manager=org.apache.juli.ClassLoaderLogManager
06-Nov-2025 18:24:01.105 信息 [main] org.apache.catalina.startup.VersionLoggerListener.log Command line argument: -javaagent:L:\IDEA\IntelliJ IDEA 2020.1\lib\idea_rt.jar=50211:L:\IDEA\IntelliJ IDEA 2020.1\bin
06-Nov-2025 18:24:01.105 信息 [main] org.apache.catalina.startup.VersionLoggerListener.log Command line argument: -Dfile.encoding=UTF-8
06-Nov-2025 18:24:01.105 信息 [main] org.apache.catalina.core.AprLifecycleListener.lifecycleEvent The APR based Apache Tomcat Native library which allows optimal performance in production environments was not found on the java.library.path: [C:\Users\20288\.jdks\corretto-1.8.0_392\bin;C:\Windows\Sun\Java\bin;C:\Windows\system32;C:\Windows;C:\Python312\Scripts\;C:\Python312\;C:\Program Files\Common Files\Oracle\Java\javapath;C:\Program Files (x86)\Common Files\Oracle\Java\java8path;C:\Program Files (x86)\Common Files\Oracle\Java\javapath;C:\Windows\system32;C:\Windows;C:\Windows\System32\Wbem;C:\Windows\System32\WindowsPowerShell\v1.0\;C:\Windows\System32\OpenSSH\;L:\MySQL\bin;L:\JDK\bin;C:\ProgramData\chocolatey\bin;C:\Program Files\nodejs\node_global\node_modules;C:\Program Files\Microsoft SQL Server\Client SDK\ODBC\110\Tools\Binn\;C:\Program Files (x86)\Microsoft SQL Server\120\Tools\Binn\;C:\Program Files\Microsoft SQL Server\120\Tools\Binn\;C:\Program Files\Microsoft SQL Server\120\DTS\Binn\;C:\Program Files (x86)\Microsoft SQL Server\120\Tools\Binn\ManagementStudio\;C:\Program Files (x86)\Microsoft SQL Server\120\DTS\Binn\;L:\Environment\apache-maven-3.6.3\bin;L:\Git\cmd;L:\nvm\nvm;L:\nodejs;C:\Users\20288\AppData\Local\Microsoft\WindowsApps;L:\IDEA\IntelliJ IDEA 2023.1\bin;L:\Visual Studio Code2023\Microsoft VS Code\bin;C:\Program Files\nodejs\node_global;C:\Users\20288\AppData\Roaming\Programs\Zero Install;.]
06-Nov-2025 18:24:01.207 信息 [main] org.apache.coyote.AbstractProtocol.init Initializing ProtocolHandler ["http-nio-8081"]
06-Nov-2025 18:24:01.778 信息 [main] org.apache.tomcat.util.net.NioSelectorPool.getSharedSelector Using a shared selector for servlet write/read
06-Nov-2025 18:24:01.785 信息 [main] org.apache.coyote.AbstractProtocol.init Initializing ProtocolHandler ["ajp-nio-8009"]
06-Nov-2025 18:24:01.788 信息 [main] org.apache.tomcat.util.net.NioSelectorPool.getSharedSelector Using a shared selector for servlet write/read
06-Nov-2025 18:24:01.788 信息 [main] org.apache.catalina.startup.Catalina.load Initialization processed in 1277 ms
06-Nov-2025 18:24:01.832 信息 [main] org.apache.catalina.core.StandardService.startInternal Starting service [Catalina]
06-Nov-2025 18:24:01.832 信息 [main] org.apache.catalina.core.StandardEngine.startInternal Starting Servlet Engine: Apache Tomcat/8.5.31
06-Nov-2025 18:24:01.987 信息 [localhost-startStop-1] org.apache.catalina.startup.HostConfig.deployDescriptor Deploying configuration descriptor [L:\桌面\demo\Demo_04\Demo_04\web\conf\Catalina\localhost\ROOT.xml]
06-Nov-2025 18:24:03.067 信息 [localhost-startStop-1] org.apache.jasper.servlet.TldScanner.scanJars At least one JAR was scanned for TLDs yet contained no TLDs. Enable debug logging for this logger for a complete list of JARs that were scanned but no TLDs were found in them. Skipping unneeded JARs during scanning can improve startup time and JSP compilation time.
06-Nov-2025 18:24:03.096 信息 [localhost-startStop-1] org.apache.catalina.startup.HostConfig.deployDescriptor Deployment of configuration descriptor [L:\桌面\demo\Demo_04\Demo_04\web\conf\Catalina\localhost\ROOT.xml] has finished in [1,108] ms
06-Nov-2025 18:24:03.097 信息 [main] org.apache.coyote.AbstractProtocol.start Starting ProtocolHandler ["http-nio-8081"]
06-Nov-2025 18:24:03.103 信息 [main] org.apache.coyote.AbstractProtocol.start Starting ProtocolHandler ["ajp-nio-8009"]
06-Nov-2025 18:24:03.105 信息 [main] org.apache.catalina.startup.Catalina.start Server startup in 1316 ms
06-Nov-2025 18:26:26.687 信息 [main] org.apache.catalina.startup.VersionLoggerListener.log Server version:        Apache Tomcat/8.5.31
06-Nov-2025 18:26:26.689 信息 [main] org.apache.catalina.startup.VersionLoggerListener.log Server built:          Apr 27 2018 20:24:25 UTC
06-Nov-2025 18:26:26.689 信息 [main] org.apache.catalina.startup.VersionLoggerListener.log Server number:         8.5.31.0
06-Nov-2025 18:26:26.689 信息 [main] org.apache.catalina.startup.VersionLoggerListener.log OS Name:               Windows 10
06-Nov-2025 18:26:26.689 信息 [main] org.apache.catalina.startup.VersionLoggerListener.log OS Version:            10.0
06-Nov-2025 18:26:26.689 信息 [main] org.apache.catalina.startup.VersionLoggerListener.log Architecture:          amd64
06-Nov-2025 18:26:26.689 信息 [main] org.apache.catalina.startup.VersionLoggerListener.log Java Home:             C:\Users\20288\.jdks\corretto-1.8.0_392\jre
06-Nov-2025 18:26:26.689 信息 [main] org.apache.catalina.startup.VersionLoggerListener.log JVM Version:           1.8.0_392-b08
06-Nov-2025 18:26:26.689 信息 [main] org.apache.catalina.startup.VersionLoggerListener.log JVM Vendor:            Amazon.com Inc.
06-Nov-2025 18:26:26.689 信息 [main] org.apache.catalina.startup.VersionLoggerListener.log CATALINA_BASE:         L:\桌面\demo\Demo_04\Demo_04\web
06-Nov-2025 18:26:26.689 信息 [main] org.apache.catalina.startup.VersionLoggerListener.log CATALINA_HOME:         L:\IDEA\apache-tomcat-8.5.31
06-Nov-2025 18:26:26.689 信息 [main] org.apache.catalina.startup.VersionLoggerListener.log Command line argument: -Dcatalina.home=L:\IDEA\apache-tomcat-8.5.31
06-Nov-2025 18:26:26.690 信息 [main] org.apache.catalina.startup.VersionLoggerListener.log Command line argument: -Dcatalina.base=L:\桌面\demo\Demo_04\Demo_04\web
06-Nov-2025 18:26:26.690 信息 [main] org.apache.catalina.startup.VersionLoggerListener.log Command line argument: -Djava.io.tmpdir=L:\桌面\demo\Demo_04\Demo_04\web\temp
06-Nov-2025 18:26:26.690 信息 [main] org.apache.catalina.startup.VersionLoggerListener.log Command line argument: -Djava.util.logging.config.file=L:\桌面\demo\Demo_04\Demo_04\web\conf\logging.properties
06-Nov-2025 18:26:26.690 信息 [main] org.apache.catalina.startup.VersionLoggerListener.log Command line argument: -Djava.util.logging.manager=org.apache.juli.ClassLoaderLogManager
06-Nov-2025 18:26:26.690 信息 [main] org.apache.catalina.startup.VersionLoggerListener.log Command line argument: -javaagent:L:\IDEA\IntelliJ IDEA 2020.1\lib\idea_rt.jar=50269:L:\IDEA\IntelliJ IDEA 2020.1\bin
06-Nov-2025 18:26:26.690 信息 [main] org.apache.catalina.startup.VersionLoggerListener.log Command line argument: -Dfile.encoding=UTF-8
06-Nov-2025 18:26:26.690 信息 [main] org.apache.catalina.core.AprLifecycleListener.lifecycleEvent The APR based Apache Tomcat Native library which allows optimal performance in production environments was not found on the java.library.path: [C:\Users\20288\.jdks\corretto-1.8.0_392\bin;C:\Windows\Sun\Java\bin;C:\Windows\system32;C:\Windows;C:\Python312\Scripts\;C:\Python312\;C:\Program Files\Common Files\Oracle\Java\javapath;C:\Program Files (x86)\Common Files\Oracle\Java\java8path;C:\Program Files (x86)\Common Files\Oracle\Java\javapath;C:\Windows\system32;C:\Windows;C:\Windows\System32\Wbem;C:\Windows\System32\WindowsPowerShell\v1.0\;C:\Windows\System32\OpenSSH\;L:\MySQL\bin;L:\JDK\bin;C:\ProgramData\chocolatey\bin;C:\Program Files\nodejs\node_global\node_modules;C:\Program Files\Microsoft SQL Server\Client SDK\ODBC\110\Tools\Binn\;C:\Program Files (x86)\Microsoft SQL Server\120\Tools\Binn\;C:\Program Files\Microsoft SQL Server\120\Tools\Binn\;C:\Program Files\Microsoft SQL Server\120\DTS\Binn\;C:\Program Files (x86)\Microsoft SQL Server\120\Tools\Binn\ManagementStudio\;C:\Program Files (x86)\Microsoft SQL Server\120\DTS\Binn\;L:\Environment\apache-maven-3.6.3\bin;L:\Git\cmd;L:\nvm\nvm;L:\nodejs;C:\Users\20288\AppData\Local\Microsoft\WindowsApps;L:\IDEA\IntelliJ IDEA 2023.1\bin;L:\Visual Studio Code2023\Microsoft VS Code\bin;C:\Program Files\nodejs\node_global;C:\Users\20288\AppData\Roaming\Programs\Zero Install;.]
06-Nov-2025 18:26:26.774 信息 [main] org.apache.coyote.AbstractProtocol.init Initializing ProtocolHandler ["http-nio-8081"]
06-Nov-2025 18:26:27.264 信息 [main] org.apache.tomcat.util.net.NioSelectorPool.getSharedSelector Using a shared selector for servlet write/read
06-Nov-2025 18:26:27.269 信息 [main] org.apache.coyote.AbstractProtocol.init Initializing ProtocolHandler ["ajp-nio-8009"]
06-Nov-2025 18:26:27.271 信息 [main] org.apache.tomcat.util.net.NioSelectorPool.getSharedSelector Using a shared selector for servlet write/read
06-Nov-2025 18:26:27.272 信息 [main] org.apache.catalina.startup.Catalina.load Initialization processed in 1010 ms
06-Nov-2025 18:26:27.314 信息 [main] org.apache.catalina.core.StandardService.startInternal Starting service [Catalina]
06-Nov-2025 18:26:27.314 信息 [main] org.apache.catalina.core.StandardEngine.startInternal Starting Servlet Engine: Apache Tomcat/8.5.31
06-Nov-2025 18:26:27.322 信息 [localhost-startStop-1] org.apache.catalina.startup.HostConfig.deployDescriptor Deploying configuration descriptor [L:\桌面\demo\Demo_04\Demo_04\web\conf\Catalina\localhost\ROOT.xml]
06-Nov-2025 18:26:28.515 信息 [localhost-startStop-1] org.apache.jasper.servlet.TldScanner.scanJars At least one JAR was scanned for TLDs yet contained no TLDs. Enable debug logging for this logger for a complete list of JARs that were scanned but no TLDs were found in them. Skipping unneeded JARs during scanning can improve startup time and JSP compilation time.
06-Nov-2025 18:26:28.544 信息 [localhost-startStop-1] org.apache.catalina.startup.HostConfig.deployDescriptor Deployment of configuration descriptor [L:\桌面\demo\Demo_04\Demo_04\web\conf\Catalina\localhost\ROOT.xml] has finished in [1,222] ms
06-Nov-2025 18:26:28.545 信息 [main] org.apache.coyote.AbstractProtocol.start Starting ProtocolHandler ["http-nio-8081"]
06-Nov-2025 18:26:28.551 信息 [main] org.apache.coyote.AbstractProtocol.start Starting ProtocolHandler ["ajp-nio-8009"]
06-Nov-2025 18:26:28.553 信息 [main] org.apache.catalina.startup.Catalina.start Server startup in 1281 ms
06-Nov-2025 18:27:42.096 信息 [main] org.apache.catalina.startup.VersionLoggerListener.log Server version:        Apache Tomcat/8.5.31
06-Nov-2025 18:27:42.098 信息 [main] org.apache.catalina.startup.VersionLoggerListener.log Server built:          Apr 27 2018 20:24:25 UTC
06-Nov-2025 18:27:42.098 信息 [main] org.apache.catalina.startup.VersionLoggerListener.log Server number:         8.5.31.0
06-Nov-2025 18:27:42.098 信息 [main] org.apache.catalina.startup.VersionLoggerListener.log OS Name:               Windows 10
06-Nov-2025 18:27:42.098 信息 [main] org.apache.catalina.startup.VersionLoggerListener.log OS Version:            10.0
06-Nov-2025 18:27:42.098 信息 [main] org.apache.catalina.startup.VersionLoggerListener.log Architecture:          amd64
06-Nov-2025 18:27:42.099 信息 [main] org.apache.catalina.startup.VersionLoggerListener.log Java Home:             C:\Users\20288\.jdks\corretto-1.8.0_392\jre
06-Nov-2025 18:27:42.099 信息 [main] org.apache.catalina.startup.VersionLoggerListener.log JVM Version:           1.8.0_392-b08
06-Nov-2025 18:27:42.099 信息 [main] org.apache.catalina.startup.VersionLoggerListener.log JVM Vendor:            Amazon.com Inc.
06-Nov-2025 18:27:42.099 信息 [main] org.apache.catalina.startup.VersionLoggerListener.log CATALINA_BASE:         L:\桌面\demo\Demo_04\Demo_04\web
06-Nov-2025 18:27:42.099 信息 [main] org.apache.catalina.startup.VersionLoggerListener.log CATALINA_HOME:         L:\IDEA\apache-tomcat-8.5.31
06-Nov-2025 18:27:42.099 信息 [main] org.apache.catalina.startup.VersionLoggerListener.log Command line argument: -Dcatalina.home=L:\IDEA\apache-tomcat-8.5.31
06-Nov-2025 18:27:42.100 信息 [main] org.apache.catalina.startup.VersionLoggerListener.log Command line argument: -Dcatalina.base=L:\桌面\demo\Demo_04\Demo_04\web
06-Nov-2025 18:27:42.100 信息 [main] org.apache.catalina.startup.VersionLoggerListener.log Command line argument: -Djava.io.tmpdir=L:\桌面\demo\Demo_04\Demo_04\web\temp
06-Nov-2025 18:27:42.100 信息 [main] org.apache.catalina.startup.VersionLoggerListener.log Command line argument: -Djava.util.logging.config.file=L:\桌面\demo\Demo_04\Demo_04\web\conf\logging.properties
06-Nov-2025 18:27:42.100 信息 [main] org.apache.catalina.startup.VersionLoggerListener.log Command line argument: -Djava.util.logging.manager=org.apache.juli.ClassLoaderLogManager
06-Nov-2025 18:27:42.100 信息 [main] org.apache.catalina.startup.VersionLoggerListener.log Command line argument: -javaagent:L:\IDEA\IntelliJ IDEA 2020.1\lib\idea_rt.jar=50307:L:\IDEA\IntelliJ IDEA 2020.1\bin
06-Nov-2025 18:27:42.101 信息 [main] org.apache.catalina.startup.VersionLoggerListener.log Command line argument: -Dfile.encoding=UTF-8
06-Nov-2025 18:27:42.102 信息 [main] org.apache.catalina.core.AprLifecycleListener.lifecycleEvent The APR based Apache Tomcat Native library which allows optimal performance in production environments was not found on the java.library.path: [C:\Users\20288\.jdks\corretto-1.8.0_392\bin;C:\Windows\Sun\Java\bin;C:\Windows\system32;C:\Windows;C:\Python312\Scripts\;C:\Python312\;C:\Program Files\Common Files\Oracle\Java\javapath;C:\Program Files (x86)\Common Files\Oracle\Java\java8path;C:\Program Files (x86)\Common Files\Oracle\Java\javapath;C:\Windows\system32;C:\Windows;C:\Windows\System32\Wbem;C:\Windows\System32\WindowsPowerShell\v1.0\;C:\Windows\System32\OpenSSH\;L:\MySQL\bin;L:\JDK\bin;C:\ProgramData\chocolatey\bin;C:\Program Files\nodejs\node_global\node_modules;C:\Program Files\Microsoft SQL Server\Client SDK\ODBC\110\Tools\Binn\;C:\Program Files (x86)\Microsoft SQL Server\120\Tools\Binn\;C:\Program Files\Microsoft SQL Server\120\Tools\Binn\;C:\Program Files\Microsoft SQL Server\120\DTS\Binn\;C:\Program Files (x86)\Microsoft SQL Server\120\Tools\Binn\ManagementStudio\;C:\Program Files (x86)\Microsoft SQL Server\120\DTS\Binn\;L:\Environment\apache-maven-3.6.3\bin;L:\Git\cmd;L:\nvm\nvm;L:\nodejs;C:\Users\20288\AppData\Local\Microsoft\WindowsApps;L:\IDEA\IntelliJ IDEA 2023.1\bin;L:\Visual Studio Code2023\Microsoft VS Code\bin;C:\Program Files\nodejs\node_global;C:\Users\20288\AppData\Roaming\Programs\Zero Install;.]
06-Nov-2025 18:27:42.182 信息 [main] org.apache.coyote.AbstractProtocol.init Initializing ProtocolHandler ["http-nio-8081"]
06-Nov-2025 18:27:42.669 信息 [main] org.apache.tomcat.util.net.NioSelectorPool.getSharedSelector Using a shared selector for servlet write/read
06-Nov-2025 18:27:42.674 信息 [main] org.apache.coyote.AbstractProtocol.init Initializing ProtocolHandler ["ajp-nio-8009"]
06-Nov-2025 18:27:42.675 信息 [main] org.apache.tomcat.util.net.NioSelectorPool.getSharedSelector Using a shared selector for servlet write/read
06-Nov-2025 18:27:42.676 信息 [main] org.apache.catalina.startup.Catalina.load Initialization processed in 949 ms
06-Nov-2025 18:27:42.713 信息 [main] org.apache.catalina.core.StandardService.startInternal Starting service [Catalina]
06-Nov-2025 18:27:42.714 信息 [main] org.apache.catalina.core.StandardEngine.startInternal Starting Servlet Engine: Apache Tomcat/8.5.31
06-Nov-2025 18:27:42.723 信息 [localhost-startStop-1] org.apache.catalina.startup.HostConfig.deployDescriptor Deploying configuration descriptor [L:\桌面\demo\Demo_04\Demo_04\web\conf\Catalina\localhost\ROOT.xml]
06-Nov-2025 18:27:43.935 信息 [localhost-startStop-1] org.apache.jasper.servlet.TldScanner.scanJars At least one JAR was scanned for TLDs yet contained no TLDs. Enable debug logging for this logger for a complete list of JARs that were scanned but no TLDs were found in them. Skipping unneeded JARs during scanning can improve startup time and JSP compilation time.
06-Nov-2025 18:27:43.964 信息 [localhost-startStop-1] org.apache.catalina.startup.HostConfig.deployDescriptor Deployment of configuration descriptor [L:\桌面\demo\Demo_04\Demo_04\web\conf\Catalina\localhost\ROOT.xml] has finished in [1,241] ms
06-Nov-2025 18:27:43.966 信息 [main] org.apache.coyote.AbstractProtocol.start Starting ProtocolHandler ["http-nio-8081"]
06-Nov-2025 18:27:43.971 信息 [main] org.apache.coyote.AbstractProtocol.start Starting ProtocolHandler ["ajp-nio-8009"]
06-Nov-2025 18:27:43.973 信息 [main] org.apache.catalina.startup.Catalina.start Server startup in 1297 ms
