12-Nov-2025 18:49:22.175 信息 [main] org.apache.catalina.startup.VersionLoggerListener.log Server version:        Apache Tomcat/8.5.31
12-Nov-2025 18:49:22.178 信息 [main] org.apache.catalina.startup.VersionLoggerListener.log Server built:          Apr 27 2018 20:24:25 UTC
12-Nov-2025 18:49:22.178 信息 [main] org.apache.catalina.startup.VersionLoggerListener.log Server number:         8.5.31.0
12-Nov-2025 18:49:22.178 信息 [main] org.apache.catalina.startup.VersionLoggerListener.log OS Name:               Windows 10
12-Nov-2025 18:49:22.178 信息 [main] org.apache.catalina.startup.VersionLoggerListener.log OS Version:            10.0
12-Nov-2025 18:49:22.178 信息 [main] org.apache.catalina.startup.VersionLoggerListener.log Architecture:          amd64
12-Nov-2025 18:49:22.179 信息 [main] org.apache.catalina.startup.VersionLoggerListener.log Java Home:             C:\Users\20288\.jdks\corretto-1.8.0_392\jre
12-Nov-2025 18:49:22.179 信息 [main] org.apache.catalina.startup.VersionLoggerListener.log JVM Version:           1.8.0_392-b08
12-Nov-2025 18:49:22.179 信息 [main] org.apache.catalina.startup.VersionLoggerListener.log JVM Vendor:            Amazon.com Inc.
12-Nov-2025 18:49:22.179 信息 [main] org.apache.catalina.startup.VersionLoggerListener.log CATALINA_BASE:         L:\桌面\demo\Demo_04\Demo_04\web
12-Nov-2025 18:49:22.179 信息 [main] org.apache.catalina.startup.VersionLoggerListener.log CATALINA_HOME:         L:\IDEA\apache-tomcat-8.5.31
12-Nov-2025 18:49:22.180 信息 [main] org.apache.catalina.startup.VersionLoggerListener.log Command line argument: -Dcatalina.home=L:\IDEA\apache-tomcat-8.5.31
12-Nov-2025 18:49:22.180 信息 [main] org.apache.catalina.startup.VersionLoggerListener.log Command line argument: -Dcatalina.base=L:\桌面\demo\Demo_04\Demo_04\web
12-Nov-2025 18:49:22.180 信息 [main] org.apache.catalina.startup.VersionLoggerListener.log Command line argument: -Djava.io.tmpdir=L:\桌面\demo\Demo_04\Demo_04\web\temp
12-Nov-2025 18:49:22.180 信息 [main] org.apache.catalina.startup.VersionLoggerListener.log Command line argument: -Djava.util.logging.config.file=L:\桌面\demo\Demo_04\Demo_04\web\conf\logging.properties
12-Nov-2025 18:49:22.180 信息 [main] org.apache.catalina.startup.VersionLoggerListener.log Command line argument: -Djava.util.logging.manager=org.apache.juli.ClassLoaderLogManager
12-Nov-2025 18:49:22.180 信息 [main] org.apache.catalina.startup.VersionLoggerListener.log Command line argument: -javaagent:L:\IDEA\IntelliJ IDEA 2020.1\lib\idea_rt.jar=51253:L:\IDEA\IntelliJ IDEA 2020.1\bin
12-Nov-2025 18:49:22.180 信息 [main] org.apache.catalina.startup.VersionLoggerListener.log Command line argument: -Dfile.encoding=UTF-8
12-Nov-2025 18:49:22.180 信息 [main] org.apache.catalina.core.AprLifecycleListener.lifecycleEvent The APR based Apache Tomcat Native library which allows optimal performance in production environments was not found on the java.library.path: [C:\Users\20288\.jdks\corretto-1.8.0_392\bin;C:\Windows\Sun\Java\bin;C:\Windows\system32;C:\Windows;C:\Python312\Scripts\;C:\Python312\;C:\Program Files\Common Files\Oracle\Java\javapath;C:\Program Files (x86)\Common Files\Oracle\Java\java8path;C:\Program Files (x86)\Common Files\Oracle\Java\javapath;C:\Windows\system32;C:\Windows;C:\Windows\System32\Wbem;C:\Windows\System32\WindowsPowerShell\v1.0\;C:\Windows\System32\OpenSSH\;L:\MySQL\bin;L:\JDK\bin;C:\ProgramData\chocolatey\bin;C:\Program Files\nodejs\node_global\node_modules;C:\Program Files\Microsoft SQL Server\Client SDK\ODBC\110\Tools\Binn\;C:\Program Files (x86)\Microsoft SQL Server\120\Tools\Binn\;C:\Program Files\Microsoft SQL Server\120\Tools\Binn\;C:\Program Files\Microsoft SQL Server\120\DTS\Binn\;C:\Program Files (x86)\Microsoft SQL Server\120\Tools\Binn\ManagementStudio\;C:\Program Files (x86)\Microsoft SQL Server\120\DTS\Binn\;L:\Environment\apache-maven-3.6.3\bin;L:\Git\cmd;L:\nvm\nvm;L:\nodejs;C:\Users\20288\AppData\Local\Microsoft\WindowsApps;L:\IDEA\IntelliJ IDEA 2023.1\bin;L:\Visual Studio Code2023\Microsoft VS Code\bin;C:\Program Files\nodejs\node_global;L:\nvm\nvm;L:\nodejs;C:\Users\20288\AppData\Roaming\Programs\Zero Install;L:\Environment\apache-maven-3.6.3\bin;;.]
12-Nov-2025 18:49:22.376 信息 [main] org.apache.coyote.AbstractProtocol.init Initializing ProtocolHandler ["http-nio-8081"]
12-Nov-2025 18:49:23.191 信息 [main] org.apache.tomcat.util.net.NioSelectorPool.getSharedSelector Using a shared selector for servlet write/read
12-Nov-2025 18:49:23.213 信息 [main] org.apache.coyote.AbstractProtocol.init Initializing ProtocolHandler ["ajp-nio-8009"]
12-Nov-2025 18:49:23.217 信息 [main] org.apache.tomcat.util.net.NioSelectorPool.getSharedSelector Using a shared selector for servlet write/read
12-Nov-2025 18:49:23.217 信息 [main] org.apache.catalina.startup.Catalina.load Initialization processed in 2725 ms
12-Nov-2025 18:49:23.329 信息 [main] org.apache.catalina.core.StandardService.startInternal Starting service [Catalina]
12-Nov-2025 18:49:23.329 信息 [main] org.apache.catalina.core.StandardEngine.startInternal Starting Servlet Engine: Apache Tomcat/8.5.31
12-Nov-2025 18:49:23.351 信息 [localhost-startStop-1] org.apache.catalina.startup.HostConfig.deployDescriptor Deploying configuration descriptor [L:\桌面\demo\Demo_04\Demo_04\web\conf\Catalina\localhost\ROOT.xml]
12-Nov-2025 18:49:26.972 信息 [localhost-startStop-1] org.apache.jasper.servlet.TldScanner.scanJars At least one JAR was scanned for TLDs yet contained no TLDs. Enable debug logging for this logger for a complete list of JARs that were scanned but no TLDs were found in them. Skipping unneeded JARs during scanning can improve startup time and JSP compilation time.
12-Nov-2025 18:49:27.176 信息 [localhost-startStop-1] org.apache.catalina.startup.HostConfig.deployDescriptor Deployment of configuration descriptor [L:\桌面\demo\Demo_04\Demo_04\web\conf\Catalina\localhost\ROOT.xml] has finished in [3,824] ms
12-Nov-2025 18:49:27.181 信息 [main] org.apache.coyote.AbstractProtocol.start Starting ProtocolHandler ["http-nio-8081"]
12-Nov-2025 18:49:27.191 信息 [main] org.apache.coyote.AbstractProtocol.start Starting ProtocolHandler ["ajp-nio-8009"]
12-Nov-2025 18:49:27.194 信息 [main] org.apache.catalina.startup.Catalina.start Server startup in 3976 ms
12-Nov-2025 18:58:27.939 信息 [main] org.apache.catalina.startup.VersionLoggerListener.log Server version:        Apache Tomcat/8.5.31
12-Nov-2025 18:58:27.941 信息 [main] org.apache.catalina.startup.VersionLoggerListener.log Server built:          Apr 27 2018 20:24:25 UTC
12-Nov-2025 18:58:27.941 信息 [main] org.apache.catalina.startup.VersionLoggerListener.log Server number:         8.5.31.0
12-Nov-2025 18:58:27.941 信息 [main] org.apache.catalina.startup.VersionLoggerListener.log OS Name:               Windows 10
12-Nov-2025 18:58:27.941 信息 [main] org.apache.catalina.startup.VersionLoggerListener.log OS Version:            10.0
12-Nov-2025 18:58:27.941 信息 [main] org.apache.catalina.startup.VersionLoggerListener.log Architecture:          amd64
12-Nov-2025 18:58:27.941 信息 [main] org.apache.catalina.startup.VersionLoggerListener.log Java Home:             C:\Users\20288\.jdks\corretto-1.8.0_392\jre
12-Nov-2025 18:58:27.941 信息 [main] org.apache.catalina.startup.VersionLoggerListener.log JVM Version:           1.8.0_392-b08
12-Nov-2025 18:58:27.941 信息 [main] org.apache.catalina.startup.VersionLoggerListener.log JVM Vendor:            Amazon.com Inc.
12-Nov-2025 18:58:27.941 信息 [main] org.apache.catalina.startup.VersionLoggerListener.log CATALINA_BASE:         L:\桌面\demo\Demo_04\Demo_04\web
12-Nov-2025 18:58:27.941 信息 [main] org.apache.catalina.startup.VersionLoggerListener.log CATALINA_HOME:         L:\IDEA\apache-tomcat-8.5.31
12-Nov-2025 18:58:27.941 信息 [main] org.apache.catalina.startup.VersionLoggerListener.log Command line argument: -Dcatalina.home=L:\IDEA\apache-tomcat-8.5.31
12-Nov-2025 18:58:27.942 信息 [main] org.apache.catalina.startup.VersionLoggerListener.log Command line argument: -Dcatalina.base=L:\桌面\demo\Demo_04\Demo_04\web
12-Nov-2025 18:58:27.942 信息 [main] org.apache.catalina.startup.VersionLoggerListener.log Command line argument: -Djava.io.tmpdir=L:\桌面\demo\Demo_04\Demo_04\web\temp
12-Nov-2025 18:58:27.942 信息 [main] org.apache.catalina.startup.VersionLoggerListener.log Command line argument: -Djava.util.logging.config.file=L:\桌面\demo\Demo_04\Demo_04\web\conf\logging.properties
12-Nov-2025 18:58:27.942 信息 [main] org.apache.catalina.startup.VersionLoggerListener.log Command line argument: -Djava.util.logging.manager=org.apache.juli.ClassLoaderLogManager
12-Nov-2025 18:58:27.942 信息 [main] org.apache.catalina.startup.VersionLoggerListener.log Command line argument: -javaagent:L:\IDEA\IntelliJ IDEA Community Edition 2023.2.2\lib\idea_rt.jar=51719:L:\IDEA\IntelliJ IDEA Community Edition 2023.2.2\bin
12-Nov-2025 18:58:27.942 信息 [main] org.apache.catalina.startup.VersionLoggerListener.log Command line argument: -Dfile.encoding=UTF-8
12-Nov-2025 18:58:27.942 信息 [main] org.apache.catalina.core.AprLifecycleListener.lifecycleEvent The APR based Apache Tomcat Native library which allows optimal performance in production environments was not found on the java.library.path: [C:\Users\20288\.jdks\corretto-1.8.0_392\bin;C:\Windows\Sun\Java\bin;C:\Windows\system32;C:\Windows;C:\Python312\Scripts\;C:\Python312\;C:\Program Files\Common Files\Oracle\Java\javapath;C:\Program Files (x86)\Common Files\Oracle\Java\java8path;C:\Program Files (x86)\Common Files\Oracle\Java\javapath;C:\Windows\system32;C:\Windows;C:\Windows\System32\Wbem;C:\Windows\System32\WindowsPowerShell\v1.0\;C:\Windows\System32\OpenSSH\;L:\MySQL\bin;L:\JDK\bin;C:\ProgramData\chocolatey\bin;C:\Program Files\nodejs\node_global\node_modules;C:\Program Files\Microsoft SQL Server\Client SDK\ODBC\110\Tools\Binn\;C:\Program Files (x86)\Microsoft SQL Server\120\Tools\Binn\;C:\Program Files\Microsoft SQL Server\120\Tools\Binn\;C:\Program Files\Microsoft SQL Server\120\DTS\Binn\;C:\Program Files (x86)\Microsoft SQL Server\120\Tools\Binn\ManagementStudio\;C:\Program Files (x86)\Microsoft SQL Server\120\DTS\Binn\;L:\Environment\apache-maven-3.6.3\bin;L:\Git\cmd;L:\nvm\nvm;L:\nodejs;C:\Users\20288\AppData\Local\Microsoft\WindowsApps;L:\IDEA\IntelliJ IDEA 2023.1\bin;L:\Visual Studio Code2023\Microsoft VS Code\bin;C:\Program Files\nodejs\node_global;C:\Users\20288\AppData\Roaming\Programs\Zero Install;.]
12-Nov-2025 18:58:28.158 信息 [main] org.apache.coyote.AbstractProtocol.init Initializing ProtocolHandler ["http-nio-8081"]
12-Nov-2025 18:58:28.653 信息 [main] org.apache.tomcat.util.net.NioSelectorPool.getSharedSelector Using a shared selector for servlet write/read
12-Nov-2025 18:58:28.673 信息 [main] org.apache.coyote.AbstractProtocol.init Initializing ProtocolHandler ["ajp-nio-8009"]
12-Nov-2025 18:58:28.676 信息 [main] org.apache.tomcat.util.net.NioSelectorPool.getSharedSelector Using a shared selector for servlet write/read
12-Nov-2025 18:58:28.677 信息 [main] org.apache.catalina.startup.Catalina.load Initialization processed in 2288 ms
12-Nov-2025 18:58:29.566 信息 [main] org.apache.catalina.core.StandardService.startInternal Starting service [Catalina]
12-Nov-2025 18:58:29.566 信息 [main] org.apache.catalina.core.StandardEngine.startInternal Starting Servlet Engine: Apache Tomcat/8.5.31
12-Nov-2025 18:58:29.606 信息 [localhost-startStop-1] org.apache.catalina.startup.HostConfig.deployDescriptor Deploying configuration descriptor [L:\桌面\demo\Demo_04\Demo_04\web\conf\Catalina\localhost\ROOT.xml]
12-Nov-2025 18:58:33.298 信息 [localhost-startStop-1] org.apache.jasper.servlet.TldScanner.scanJars At least one JAR was scanned for TLDs yet contained no TLDs. Enable debug logging for this logger for a complete list of JARs that were scanned but no TLDs were found in them. Skipping unneeded JARs during scanning can improve startup time and JSP compilation time.
12-Nov-2025 18:58:33.349 信息 [localhost-startStop-1] org.apache.catalina.startup.HostConfig.deployDescriptor Deployment of configuration descriptor [L:\桌面\demo\Demo_04\Demo_04\web\conf\Catalina\localhost\ROOT.xml] has finished in [3,741] ms
12-Nov-2025 18:58:33.353 信息 [main] org.apache.coyote.AbstractProtocol.start Starting ProtocolHandler ["http-nio-8081"]
12-Nov-2025 18:58:33.362 信息 [main] org.apache.coyote.AbstractProtocol.start Starting ProtocolHandler ["ajp-nio-8009"]
12-Nov-2025 18:58:33.365 信息 [main] org.apache.catalina.startup.Catalina.start Server startup in 4688 ms
12-Nov-2025 18:58:49.135 信息 [Thread-5] org.apache.coyote.AbstractProtocol.pause Pausing ProtocolHandler ["http-nio-8081"]
12-Nov-2025 18:58:49.607 信息 [Thread-5] org.apache.coyote.AbstractProtocol.pause Pausing ProtocolHandler ["ajp-nio-8009"]
12-Nov-2025 18:58:50.264 信息 [Thread-5] org.apache.catalina.core.StandardService.stopInternal Stopping service [Catalina]
12-Nov-2025 18:58:50.304 信息 [Thread-5] org.apache.coyote.AbstractProtocol.stop Stopping ProtocolHandler ["http-nio-8081"]
12-Nov-2025 18:58:50.306 信息 [Thread-5] org.apache.coyote.AbstractProtocol.stop Stopping ProtocolHandler ["ajp-nio-8009"]
12-Nov-2025 18:58:50.308 信息 [Thread-5] org.apache.coyote.AbstractProtocol.destroy Destroying ProtocolHandler ["http-nio-8081"]
12-Nov-2025 18:58:50.310 信息 [Thread-5] org.apache.coyote.AbstractProtocol.destroy Destroying ProtocolHandler ["ajp-nio-8009"]
